// Jest Snapshot v1, https://goo.gl/fbAQLP

exports[`Transform template test should render jsx 1`] = `
"import 'windi.css';
export default function Layout({
  title,
  children
}) {
  return /*#__PURE__*/React.createElement(\\"div\\", {
    id: \\"layout-wrapper\\",
    className: 'bg-gray-100 text-gray-900 dark:bg-gray-900 dark:text-gray-100'
  }, /*#__PURE__*/React.createElement(Head, null, /*#__PURE__*/React.createElement(\\"title\\", null, title)), children, /*#__PURE__*/React.createElement(\\"style\\", {
    jsx: true,
    global: true
  }, \`body {
  margin: 0px;
  padding: 0px;
  width: 100vw;
  height: 100vh;
  overflow: hidden;
  font-family: '-apple-system', 'BlinkMacSystemFont', 'Segoe UI',
              'Roboto', 'Oxygen', 'Ubuntu', 'Cantarell', 'Fira Sans', 'Droid Sans',
              'Helvetica Neue', 'sans-serif';
  -webkit-font-smoothing: antialiased;
  -moz-osx-font-smoothing: grayscale;
}
body:hover {
  --tw-bg-opacity: 1;
  background-color: rgba(59, 130, 246, var(--tw-bg-opacity));
  font-size: 0.75rem;
  line-height: 1rem;
}
\`));
}"
`;

exports[`Transform template test should render jsx: vue windi 1`] = `
"// Imports
import ___CSS_LOADER_API_SOURCEMAP_IMPORT___ from \\"../node_modules/css-loader/dist/runtime/cssWithMappingToString.js\\";
import ___CSS_LOADER_API_IMPORT___ from \\"../node_modules/css-loader/dist/runtime/api.js\\";
var ___CSS_LOADER_EXPORT___ = ___CSS_LOADER_API_IMPORT___(___CSS_LOADER_API_SOURCEMAP_IMPORT___);
// Module
___CSS_LOADER_EXPORT___.push([module.id, \\"/* windicss(boot) */\\\\n/* windicss layer base */\\\\n*, ::before, ::after {\\\\n  -webkit-box-sizing: border-box;\\\\n  box-sizing: border-box;\\\\n  border-width: 0;\\\\n  border-style: solid;\\\\n  border-color: #e5e7eb;\\\\n}\\\\n* {\\\\n  --tw-ring-inset: var(--tw-empty,/*!*/ /*!*/);\\\\n  --tw-ring-offset-width: 0px;\\\\n  --tw-ring-offset-color: #fff;\\\\n  --tw-ring-color: rgba(59, 130, 246, 0.5);\\\\n  --tw-ring-offset-shadow: 0 0 #0000;\\\\n  --tw-ring-shadow: 0 0 #0000;\\\\n  --tw-shadow: 0 0 #0000;\\\\n}\\\\n:root {\\\\n  -moz-tab-size: 4;\\\\n  -o-tab-size: 4;\\\\n  tab-size: 4;\\\\n}\\\\n:-moz-focusring {\\\\n  outline: 1px dotted ButtonText;\\\\n}\\\\n:-moz-ui-invalid {\\\\n  box-shadow: none;\\\\n}\\\\n::moz-focus-inner {\\\\n  border-style: none;\\\\n  padding: 0;\\\\n}\\\\n::-webkit-inner-spin-button, ::-webkit-outer-spin-button {\\\\n  height: auto;\\\\n}\\\\n::-webkit-search-decoration {\\\\n  -webkit-appearance: none;\\\\n}\\\\n::-webkit-file-upload-button {\\\\n  -webkit-appearance: button;\\\\n  font: inherit;\\\\n}\\\\n[type='search'] {\\\\n  -webkit-appearance: textfield;\\\\n  outline-offset: -2px;\\\\n}\\\\nabbr[title] {\\\\n  -webkit-text-decoration: underline dotted;\\\\n  text-decoration: underline dotted;\\\\n}\\\\nbody {\\\\n  margin: 0;\\\\n  font-family: inherit;\\\\n  line-height: inherit;\\\\n}\\\\nhtml {\\\\n  -webkit-text-size-adjust: 100%;\\\\n  font-family: ui-sans-serif,system-ui,-apple-system,BlinkMacSystemFont,\\\\\\"Segoe UI\\\\\\",Roboto,\\\\\\"Helvetica Neue\\\\\\",Arial,\\\\\\"Noto Sans\\\\\\",sans-serif,\\\\\\"Apple Color Emoji\\\\\\",\\\\\\"Segoe UI Emoji\\\\\\",\\\\\\"Segoe UI Symbol\\\\\\",\\\\\\"Noto Color Emoji\\\\\\";\\\\n  line-height: 1.5;\\\\n}\\\\nbutton {\\\\n  font-family: inherit;\\\\n  font-size: 100%;\\\\n  line-height: 1.15;\\\\n  margin: 0;\\\\n  text-transform: none;\\\\n  background-color: transparent;\\\\n  background-image: none;\\\\n  padding: 0;\\\\n  line-height: inherit;\\\\n  color: inherit;\\\\n}\\\\nbutton, [type='button'], [type='reset'], [type='submit'] {\\\\n  -webkit-appearance: button;\\\\n}\\\\nbutton:focus {\\\\n  outline: 1px dotted;\\\\n  outline: 5px auto -webkit-focus-ring-color;\\\\n}\\\\nbutton, [role=\\\\\\"button\\\\\\"] {\\\\n  cursor: pointer;\\\\n}\\\\nh2 {\\\\n  margin: 0;\\\\n  font-size: inherit;\\\\n  font-weight: inherit;\\\\n}\\\\n/* windicss layer components */\\\\n\\\\n/* windicss layer utilities */\\\\n.bg-teal-100 {\\\\n  --tw-bg-opacity: 1;\\\\n  background-color: rgba(204, 251, 241, var(--tw-bg-opacity));\\\\n}\\\\n.bg-black {\\\\n  --tw-bg-opacity: 1;\\\\n  background-color: rgba(0, 0, 0, var(--tw-bg-opacity));\\\\n}\\\\n.bg-blue-200 {\\\\n  --tw-bg-opacity: 1;\\\\n  background-color: rgba(191, 219, 254, var(--tw-bg-opacity));\\\\n}\\\\n.bg-red-200 {\\\\n  --tw-bg-opacity: 1;\\\\n  background-color: rgba(254, 202, 202, var(--tw-bg-opacity));\\\\n}\\\\n.\\\\\\\\!bg-blue-200 {\\\\n  --tw-bg-opacity: 1 !important;\\\\n  background-color: rgba(191, 219, 254, var(--tw-bg-opacity)) !important;\\\\n}\\\\n.bg-gray-100 {\\\\n  --tw-bg-opacity: 1;\\\\n  background-color: rgba(243, 244, 246, var(--tw-bg-opacity));\\\\n}\\\\n.hover\\\\\\\\:bg-teal-900:hover {\\\\n  --tw-bg-opacity: 1;\\\\n  background-color: rgba(19, 78, 74, var(--tw-bg-opacity));\\\\n}\\\\n.dark .dark\\\\\\\\:bg-gray-900 {\\\\n  --tw-bg-opacity: 1;\\\\n  background-color: rgba(17, 24, 39, var(--tw-bg-opacity));\\\\n}\\\\n.hover\\\\\\\\:bg-blue-500:hover {\\\\n  --tw-bg-opacity: 1;\\\\n  background-color: rgba(59, 130, 246, var(--tw-bg-opacity));\\\\n}\\\\n.rounded {\\\\n  border-radius: 0.25rem;\\\\n}\\\\n.hover\\\\\\\\:rounded-full:hover {\\\\n  border-radius: 9999px;\\\\n}\\\\n.h-100vh {\\\\n  height: 100vh;\\\\n}\\\\n.m-0 {\\\\n  margin: 0px;\\\\n}\\\\n.overflow-hidden {\\\\n  overflow: hidden;\\\\n}\\\\n.p-1 {\\\\n  padding: 0.25rem;\\\\n}\\\\n.p-0 {\\\\n  padding: 0px;\\\\n}\\\\n.px-5 {\\\\n  padding-left: 1.25rem;\\\\n  padding-right: 1.25rem;\\\\n}\\\\n.text-gray-900 {\\\\n  --tw-text-opacity: 1;\\\\n  color: rgba(17, 24, 39, var(--tw-text-opacity));\\\\n}\\\\n.hover\\\\\\\\:text-green-100:hover {\\\\n  --tw-text-opacity: 1;\\\\n  color: rgba(209, 250, 229, var(--tw-text-opacity));\\\\n}\\\\n.dark .dark\\\\\\\\:text-gray-100 {\\\\n  --tw-text-opacity: 1;\\\\n  color: rgba(243, 244, 246, var(--tw-text-opacity));\\\\n}\\\\n.hover\\\\\\\\:w-1\\\\\\\\/3:hover {\\\\n  width: 33.333333%;\\\\n}\\\\n.w-100vw {\\\\n  width: 100vw;\\\\n}\\", \\"\\",{\\"version\\":3,\\"sources\\":[\\"virtual:windi.css\\"],\\"names\\":[],\\"mappings\\":\\"AAAA,mBAAmB;AACnB,wBAAwB;AACxB;EACE,8BAA8B;EAC9B,sBAAsB;EACtB,eAAe;EACf,mBAAmB;EACnB,qBAAqB;AACvB;AACA;EACE,4CAA4C;EAC5C,2BAA2B;EAC3B,4BAA4B;EAC5B,wCAAwC;EACxC,kCAAkC;EAClC,2BAA2B;EAC3B,sBAAsB;AACxB;AACA;EACE,gBAAgB;EAChB,cAAc;EACd,WAAW;AACb;AACA;EACE,8BAA8B;AAChC;AACA;EACE,gBAAgB;AAClB;AACA;EACE,kBAAkB;EAClB,UAAU;AACZ;AACA;EACE,YAAY;AACd;AACA;EACE,wBAAwB;AAC1B;AACA;EACE,0BAA0B;EAC1B,aAAa;AACf;AACA;EACE,6BAA6B;EAC7B,oBAAoB;AACtB;AACA;EACE,yCAAyC;EACzC,iCAAiC;AACnC;AACA;EACE,SAAS;EACT,oBAAoB;EACpB,oBAAoB;AACtB;AACA;EACE,8BAA8B;EAC9B,+MAA+M;EAC/M,gBAAgB;AAClB;AACA;EACE,oBAAoB;EACpB,eAAe;EACf,iBAAiB;EACjB,SAAS;EACT,oBAAoB;EACpB,6BAA6B;EAC7B,sBAAsB;EACtB,UAAU;EACV,oBAAoB;EACpB,cAAc;AAChB;AACA;EACE,0BAA0B;AAC5B;AACA;EACE,mBAAmB;EACnB,0CAA0C;AAC5C;AACA;EACE,eAAe;AACjB;AACA;EACE,SAAS;EACT,kBAAkB;EAClB,oBAAoB;AACtB;AACA,8BAA8B;;AAE9B,6BAA6B;AAC7B;EACE,kBAAkB;EAClB,2DAA2D;AAC7D;AACA;EACE,kBAAkB;EAClB,qDAAqD;AACvD;AACA;EACE,kBAAkB;EAClB,2DAA2D;AAC7D;AACA;EACE,kBAAkB;EAClB,2DAA2D;AAC7D;AACA;EACE,6BAA6B;EAC7B,sEAAsE;AACxE;AACA;EACE,kBAAkB;EAClB,2DAA2D;AAC7D;AACA;EACE,kBAAkB;EAClB,wDAAwD;AAC1D;AACA;EACE,kBAAkB;EAClB,wDAAwD;AAC1D;AACA;EACE,kBAAkB;EAClB,0DAA0D;AAC5D;AACA;EACE,sBAAsB;AACxB;AACA;EACE,qBAAqB;AACvB;AACA;EACE,aAAa;AACf;AACA;EACE,WAAW;AACb;AACA;EACE,gBAAgB;AAClB;AACA;EACE,gBAAgB;AAClB;AACA;EACE,YAAY;AACd;AACA;EACE,qBAAqB;EACrB,sBAAsB;AACxB;AACA;EACE,oBAAoB;EACpB,+CAA+C;AACjD;AACA;EACE,oBAAoB;EACpB,kDAAkD;AACpD;AACA;EACE,oBAAoB;EACpB,kDAAkD;AACpD;AACA;EACE,iBAAiB;AACnB;AACA;EACE,YAAY;AACd\\",\\"sourcesContent\\":[\\"/* windicss(boot) */\\\\n/* windicss layer base */\\\\n*, ::before, ::after {\\\\n  -webkit-box-sizing: border-box;\\\\n  box-sizing: border-box;\\\\n  border-width: 0;\\\\n  border-style: solid;\\\\n  border-color: #e5e7eb;\\\\n}\\\\n* {\\\\n  --tw-ring-inset: var(--tw-empty,/*!*/ /*!*/);\\\\n  --tw-ring-offset-width: 0px;\\\\n  --tw-ring-offset-color: #fff;\\\\n  --tw-ring-color: rgba(59, 130, 246, 0.5);\\\\n  --tw-ring-offset-shadow: 0 0 #0000;\\\\n  --tw-ring-shadow: 0 0 #0000;\\\\n  --tw-shadow: 0 0 #0000;\\\\n}\\\\n:root {\\\\n  -moz-tab-size: 4;\\\\n  -o-tab-size: 4;\\\\n  tab-size: 4;\\\\n}\\\\n:-moz-focusring {\\\\n  outline: 1px dotted ButtonText;\\\\n}\\\\n:-moz-ui-invalid {\\\\n  box-shadow: none;\\\\n}\\\\n::moz-focus-inner {\\\\n  border-style: none;\\\\n  padding: 0;\\\\n}\\\\n::-webkit-inner-spin-button, ::-webkit-outer-spin-button {\\\\n  height: auto;\\\\n}\\\\n::-webkit-search-decoration {\\\\n  -webkit-appearance: none;\\\\n}\\\\n::-webkit-file-upload-button {\\\\n  -webkit-appearance: button;\\\\n  font: inherit;\\\\n}\\\\n[type='search'] {\\\\n  -webkit-appearance: textfield;\\\\n  outline-offset: -2px;\\\\n}\\\\nabbr[title] {\\\\n  -webkit-text-decoration: underline dotted;\\\\n  text-decoration: underline dotted;\\\\n}\\\\nbody {\\\\n  margin: 0;\\\\n  font-family: inherit;\\\\n  line-height: inherit;\\\\n}\\\\nhtml {\\\\n  -webkit-text-size-adjust: 100%;\\\\n  font-family: ui-sans-serif,system-ui,-apple-system,BlinkMacSystemFont,\\\\\\"Segoe UI\\\\\\",Roboto,\\\\\\"Helvetica Neue\\\\\\",Arial,\\\\\\"Noto Sans\\\\\\",sans-serif,\\\\\\"Apple Color Emoji\\\\\\",\\\\\\"Segoe UI Emoji\\\\\\",\\\\\\"Segoe UI Symbol\\\\\\",\\\\\\"Noto Color Emoji\\\\\\";\\\\n  line-height: 1.5;\\\\n}\\\\nbutton {\\\\n  font-family: inherit;\\\\n  font-size: 100%;\\\\n  line-height: 1.15;\\\\n  margin: 0;\\\\n  text-transform: none;\\\\n  background-color: transparent;\\\\n  background-image: none;\\\\n  padding: 0;\\\\n  line-height: inherit;\\\\n  color: inherit;\\\\n}\\\\nbutton, [type='button'], [type='reset'], [type='submit'] {\\\\n  -webkit-appearance: button;\\\\n}\\\\nbutton:focus {\\\\n  outline: 1px dotted;\\\\n  outline: 5px auto -webkit-focus-ring-color;\\\\n}\\\\nbutton, [role=\\\\\\"button\\\\\\"] {\\\\n  cursor: pointer;\\\\n}\\\\nh2 {\\\\n  margin: 0;\\\\n  font-size: inherit;\\\\n  font-weight: inherit;\\\\n}\\\\n/* windicss layer components */\\\\n\\\\n/* windicss layer utilities */\\\\n.bg-teal-100 {\\\\n  --tw-bg-opacity: 1;\\\\n  background-color: rgba(204, 251, 241, var(--tw-bg-opacity));\\\\n}\\\\n.bg-black {\\\\n  --tw-bg-opacity: 1;\\\\n  background-color: rgba(0, 0, 0, var(--tw-bg-opacity));\\\\n}\\\\n.bg-blue-200 {\\\\n  --tw-bg-opacity: 1;\\\\n  background-color: rgba(191, 219, 254, var(--tw-bg-opacity));\\\\n}\\\\n.bg-red-200 {\\\\n  --tw-bg-opacity: 1;\\\\n  background-color: rgba(254, 202, 202, var(--tw-bg-opacity));\\\\n}\\\\n.\\\\\\\\!bg-blue-200 {\\\\n  --tw-bg-opacity: 1 !important;\\\\n  background-color: rgba(191, 219, 254, var(--tw-bg-opacity)) !important;\\\\n}\\\\n.bg-gray-100 {\\\\n  --tw-bg-opacity: 1;\\\\n  background-color: rgba(243, 244, 246, var(--tw-bg-opacity));\\\\n}\\\\n.hover\\\\\\\\:bg-teal-900:hover {\\\\n  --tw-bg-opacity: 1;\\\\n  background-color: rgba(19, 78, 74, var(--tw-bg-opacity));\\\\n}\\\\n.dark .dark\\\\\\\\:bg-gray-900 {\\\\n  --tw-bg-opacity: 1;\\\\n  background-color: rgba(17, 24, 39, var(--tw-bg-opacity));\\\\n}\\\\n.hover\\\\\\\\:bg-blue-500:hover {\\\\n  --tw-bg-opacity: 1;\\\\n  background-color: rgba(59, 130, 246, var(--tw-bg-opacity));\\\\n}\\\\n.rounded {\\\\n  border-radius: 0.25rem;\\\\n}\\\\n.hover\\\\\\\\:rounded-full:hover {\\\\n  border-radius: 9999px;\\\\n}\\\\n.h-100vh {\\\\n  height: 100vh;\\\\n}\\\\n.m-0 {\\\\n  margin: 0px;\\\\n}\\\\n.overflow-hidden {\\\\n  overflow: hidden;\\\\n}\\\\n.p-1 {\\\\n  padding: 0.25rem;\\\\n}\\\\n.p-0 {\\\\n  padding: 0px;\\\\n}\\\\n.px-5 {\\\\n  padding-left: 1.25rem;\\\\n  padding-right: 1.25rem;\\\\n}\\\\n.text-gray-900 {\\\\n  --tw-text-opacity: 1;\\\\n  color: rgba(17, 24, 39, var(--tw-text-opacity));\\\\n}\\\\n.hover\\\\\\\\:text-green-100:hover {\\\\n  --tw-text-opacity: 1;\\\\n  color: rgba(209, 250, 229, var(--tw-text-opacity));\\\\n}\\\\n.dark .dark\\\\\\\\:text-gray-100 {\\\\n  --tw-text-opacity: 1;\\\\n  color: rgba(243, 244, 246, var(--tw-text-opacity));\\\\n}\\\\n.hover\\\\\\\\:w-1\\\\\\\\/3:hover {\\\\n  width: 33.333333%;\\\\n}\\\\n.w-100vw {\\\\n  width: 100vw;\\\\n}\\"],\\"sourceRoot\\":\\"\\"}]);
// Exports
export default ___CSS_LOADER_EXPORT___;
"
`;

exports[`Transform template test should render vue: vue css 1`] = `
"// Imports
import ___CSS_LOADER_API_SOURCEMAP_IMPORT___ from \\"../../../node_modules/css-loader/dist/runtime/cssWithMappingToString.js\\";
import ___CSS_LOADER_API_IMPORT___ from \\"../../../node_modules/css-loader/dist/runtime/api.js\\";
var ___CSS_LOADER_EXPORT___ = ___CSS_LOADER_API_IMPORT___(___CSS_LOADER_API_SOURCEMAP_IMPORT___);
// Module
___CSS_LOADER_EXPORT___.push([module.id, \\".global-css {\\\\n  --tw-bg-opacity: 1;\\\\n  background-color: rgba(251, 191, 36, var(--tw-bg-opacity));\\\\n  --tw-text-opacity: 1;\\\\n  color: rgba(255, 255, 255, var(--tw-text-opacity));\\\\n  padding: 1rem;\\\\n  width: 25%;\\\\n  -webkit-transition-property: background-color, border-color, color, fill, stroke, opacity, -webkit-box-shadow, -webkit-transform, filter, backdrop-filter;\\\\n  -o-transition-property: background-color, border-color, color, fill, stroke, opacity, box-shadow, transform, filter, backdrop-filter;\\\\n  transition-property: background-color, border-color, color, fill, stroke, opacity, box-shadow, -webkit-box-shadow, transform, -webkit-transform, filter, backdrop-filter;\\\\n  -webkit-transition-timing-function: cubic-bezier(0.4, 0, 0.2, 1);\\\\n  -o-transition-timing-function: cubic-bezier(0.4, 0, 0.2, 1);\\\\n  transition-timing-function: cubic-bezier(0.4, 0, 0.2, 1);\\\\n  -webkit-transition-duration: 150ms;\\\\n  -o-transition-duration: 150ms;\\\\n  transition-duration: 150ms;\\\\n}\\\\n.global-css:hover {\\\\n  --tw-bg-opacity: 1;\\\\n  background-color: rgba(120, 53, 15, var(--tw-bg-opacity));\\\\n  --tw-text-opacity: 1;\\\\n  color: rgba(254, 243, 199, var(--tw-text-opacity));\\\\n}\\\\n.global-css h2 {\\\\n  font-weight: 700;\\\\n  font-size: 0.875rem;\\\\n  line-height: 1.25rem;\\\\n}\\", \\"\\",{\\"version\\":3,\\"sources\\":[\\"webpack://./fixtures/stylesheets/plain.css\\"],\\"names\\":[],\\"mappings\\":\\"AAAA;EACE,kBAAkB;EAClB,0DAA0D;EAC1D,oBAAoB;EACpB,kDAAkD;EAClD,aAAa;EACb,UAAU;EACV,yJAAyJ;EACzJ,oIAAoI;EACpI,wKAAwK;EACxK,gEAAgE;EAChE,2DAA2D;EAC3D,wDAAwD;EACxD,kCAAkC;EAClC,6BAA6B;EAC7B,0BAA0B;AAC5B;AACA;EACE,kBAAkB;EAClB,yDAAyD;EACzD,oBAAoB;EACpB,kDAAkD;AACpD;AACA;EACE,gBAAgB;EAChB,mBAAmB;EACnB,oBAAoB;AACtB\\",\\"sourcesContent\\":[\\".global-css {\\\\n  --tw-bg-opacity: 1;\\\\n  background-color: rgba(251, 191, 36, var(--tw-bg-opacity));\\\\n  --tw-text-opacity: 1;\\\\n  color: rgba(255, 255, 255, var(--tw-text-opacity));\\\\n  padding: 1rem;\\\\n  width: 25%;\\\\n  -webkit-transition-property: background-color, border-color, color, fill, stroke, opacity, -webkit-box-shadow, -webkit-transform, filter, backdrop-filter;\\\\n  -o-transition-property: background-color, border-color, color, fill, stroke, opacity, box-shadow, transform, filter, backdrop-filter;\\\\n  transition-property: background-color, border-color, color, fill, stroke, opacity, box-shadow, -webkit-box-shadow, transform, -webkit-transform, filter, backdrop-filter;\\\\n  -webkit-transition-timing-function: cubic-bezier(0.4, 0, 0.2, 1);\\\\n  -o-transition-timing-function: cubic-bezier(0.4, 0, 0.2, 1);\\\\n  transition-timing-function: cubic-bezier(0.4, 0, 0.2, 1);\\\\n  -webkit-transition-duration: 150ms;\\\\n  -o-transition-duration: 150ms;\\\\n  transition-duration: 150ms;\\\\n}\\\\n.global-css:hover {\\\\n  --tw-bg-opacity: 1;\\\\n  background-color: rgba(120, 53, 15, var(--tw-bg-opacity));\\\\n  --tw-text-opacity: 1;\\\\n  color: rgba(254, 243, 199, var(--tw-text-opacity));\\\\n}\\\\n.global-css h2 {\\\\n  font-weight: 700;\\\\n  font-size: 0.875rem;\\\\n  line-height: 1.25rem;\\\\n}\\"],\\"sourceRoot\\":\\"\\"}]);
// Exports
export default ___CSS_LOADER_EXPORT___;
"
`;

exports[`Transform template test should render vue: vue less 1`] = `
"// Imports
import ___CSS_LOADER_API_SOURCEMAP_IMPORT___ from \\"../../../node_modules/css-loader/dist/runtime/cssWithMappingToString.js\\";
import ___CSS_LOADER_API_IMPORT___ from \\"../../../node_modules/css-loader/dist/runtime/api.js\\";
var ___CSS_LOADER_EXPORT___ = ___CSS_LOADER_API_IMPORT___(___CSS_LOADER_API_SOURCEMAP_IMPORT___);
// Module
___CSS_LOADER_EXPORT___.push([module.id, \\".less-global h2 {\\\\n  font-weight: 700;\\\\n  font-size: 0.875rem;\\\\n  line-height: 1.25rem;\\\\n}\\\\n.less-global {\\\\n  --tw-bg-opacity: 1;\\\\n  background-color: rgba(167, 139, 250, var(--tw-bg-opacity));\\\\n  --tw-text-opacity: 1;\\\\n  color: rgba(255, 255, 255, var(--tw-text-opacity));\\\\n  padding: 1rem;\\\\n  width: 25%;\\\\n  -webkit-transition-property: background-color, border-color, color, fill, stroke, opacity, -webkit-box-shadow, -webkit-transform, filter, backdrop-filter;\\\\n  -o-transition-property: background-color, border-color, color, fill, stroke, opacity, box-shadow, transform, filter, backdrop-filter;\\\\n  transition-property: background-color, border-color, color, fill, stroke, opacity, box-shadow, -webkit-box-shadow, transform, -webkit-transform, filter, backdrop-filter;\\\\n  -webkit-transition-timing-function: cubic-bezier(0.4, 0, 0.2, 1);\\\\n  -o-transition-timing-function: cubic-bezier(0.4, 0, 0.2, 1);\\\\n  transition-timing-function: cubic-bezier(0.4, 0, 0.2, 1);\\\\n  -webkit-transition-duration: 150ms;\\\\n  -o-transition-duration: 150ms;\\\\n  transition-duration: 150ms;\\\\n}\\\\n.less-global:hover {\\\\n  --tw-bg-opacity: 1;\\\\n  background-color: rgba(76, 29, 149, var(--tw-bg-opacity));\\\\n  --tw-text-opacity: 1;\\\\n  color: rgba(237, 233, 254, var(--tw-text-opacity));\\\\n}\\\\n\\", \\"\\",{\\"version\\":3,\\"sources\\":[\\"webpack://./fixtures/stylesheets/main.less\\"],\\"names\\":[],\\"mappings\\":\\"AAAA;EACE,gBAAA;EACA,mBAAA;EACA,oBAAA;AACF;AACA;EACE,kBAAA;EACA,2DAAA;EACA,oBAAA;EACA,kDAAA;EACA,aAAA;EACA,UAAA;EACA,yJAAA;EACA,oIAAA;EACA,wKAAA;EACA,gEAAA;EACA,2DAAA;EACA,wDAAA;EACA,kCAAA;EACA,6BAAA;EACA,0BAAA;AACF;AACA;EACE,kBAAA;EACA,yDAAA;EACA,oBAAA;EACA,kDAAA;AACF\\",\\"sourcesContent\\":[\\".less-global h2 {\\\\n  font-weight: 700;\\\\n  font-size: 0.875rem;\\\\n  line-height: 1.25rem;\\\\n}\\\\n.less-global {\\\\n  --tw-bg-opacity: 1;\\\\n  background-color: rgba(167, 139, 250, var(--tw-bg-opacity));\\\\n  --tw-text-opacity: 1;\\\\n  color: rgba(255, 255, 255, var(--tw-text-opacity));\\\\n  padding: 1rem;\\\\n  width: 25%;\\\\n  -webkit-transition-property: background-color, border-color, color, fill, stroke, opacity, -webkit-box-shadow, -webkit-transform, filter, backdrop-filter;\\\\n  -o-transition-property: background-color, border-color, color, fill, stroke, opacity, box-shadow, transform, filter, backdrop-filter;\\\\n  transition-property: background-color, border-color, color, fill, stroke, opacity, box-shadow, -webkit-box-shadow, transform, -webkit-transform, filter, backdrop-filter;\\\\n  -webkit-transition-timing-function: cubic-bezier(0.4, 0, 0.2, 1);\\\\n  -o-transition-timing-function: cubic-bezier(0.4, 0, 0.2, 1);\\\\n  transition-timing-function: cubic-bezier(0.4, 0, 0.2, 1);\\\\n  -webkit-transition-duration: 150ms;\\\\n  -o-transition-duration: 150ms;\\\\n  transition-duration: 150ms;\\\\n}\\\\n.less-global:hover {\\\\n  --tw-bg-opacity: 1;\\\\n  background-color: rgba(76, 29, 149, var(--tw-bg-opacity));\\\\n  --tw-text-opacity: 1;\\\\n  color: rgba(237, 233, 254, var(--tw-text-opacity));\\\\n}\\"],\\"sourceRoot\\":\\"\\"}]);
// Exports
export default ___CSS_LOADER_EXPORT___;
"
`;

exports[`Transform template test should render vue: vue sass 1`] = `
"// Imports
import ___CSS_LOADER_API_SOURCEMAP_IMPORT___ from \\"../../../node_modules/css-loader/dist/runtime/cssWithMappingToString.js\\";
import ___CSS_LOADER_API_IMPORT___ from \\"../../../node_modules/css-loader/dist/runtime/api.js\\";
var ___CSS_LOADER_EXPORT___ = ___CSS_LOADER_API_IMPORT___(___CSS_LOADER_API_SOURCEMAP_IMPORT___);
// Module
___CSS_LOADER_EXPORT___.push([module.id, \\"\\", \\"\\",{\\"version\\":3,\\"sources\\":[],\\"names\\":[],\\"mappings\\":\\"\\",\\"sourceRoot\\":\\"\\"}]);
// Exports
export default ___CSS_LOADER_EXPORT___;
"
`;

exports[`Transform template test should render vue: vue scss 1`] = `
"// Imports
import ___CSS_LOADER_API_SOURCEMAP_IMPORT___ from \\"../../../node_modules/css-loader/dist/runtime/cssWithMappingToString.js\\";
import ___CSS_LOADER_API_IMPORT___ from \\"../../../node_modules/css-loader/dist/runtime/api.js\\";
var ___CSS_LOADER_EXPORT___ = ___CSS_LOADER_API_IMPORT___(___CSS_LOADER_API_SOURCEMAP_IMPORT___);
// Module
___CSS_LOADER_EXPORT___.push([module.id, \\".scss-global {\\\\n  --tw-bg-opacity: 1;\\\\n  background-color: rgba(96, 165, 250, var(--tw-bg-opacity));\\\\n  --tw-text-opacity: 1;\\\\n  color: rgba(255, 255, 255, var(--tw-text-opacity));\\\\n  padding: 1rem;\\\\n  width: 25%;\\\\n  -webkit-transition-property: background-color, border-color, color, fill, stroke, opacity, -webkit-box-shadow, -webkit-transform, filter, backdrop-filter;\\\\n  -o-transition-property: background-color, border-color, color, fill, stroke, opacity, box-shadow, transform, filter, backdrop-filter;\\\\n  transition-property: background-color, border-color, color, fill, stroke, opacity, box-shadow, -webkit-box-shadow, transform, -webkit-transform, filter, backdrop-filter;\\\\n  -webkit-transition-timing-function: cubic-bezier(0.4, 0, 0.2, 1);\\\\n  -o-transition-timing-function: cubic-bezier(0.4, 0, 0.2, 1);\\\\n  transition-timing-function: cubic-bezier(0.4, 0, 0.2, 1);\\\\n  -webkit-transition-duration: 150ms;\\\\n  -o-transition-duration: 150ms;\\\\n  transition-duration: 150ms;\\\\n}\\\\n\\\\n.scss-global:hover {\\\\n  --tw-bg-opacity: 1;\\\\n  background-color: rgba(30, 58, 138, var(--tw-bg-opacity));\\\\n  --tw-text-opacity: 1;\\\\n  color: rgba(219, 234, 254, var(--tw-text-opacity));\\\\n}\\\\n\\\\n.scss-global h2 {\\\\n  font-weight: 700;\\\\n  font-size: 0.875rem;\\\\n  line-height: 1.25rem;\\\\n}\\", \\"\\",{\\"version\\":3,\\"sources\\":[\\"webpack://./fixtures/stylesheets/main.scss\\"],\\"names\\":[],\\"mappings\\":\\"AAAA;EACE,kBAAA;EACA,0DAAA;EACA,oBAAA;EACA,kDAAA;EACA,aAAA;EACA,UAAA;EACA,yJAAA;EACA,oIAAA;EACA,wKAAA;EACA,gEAAA;EACA,2DAAA;EACA,wDAAA;EACA,kCAAA;EACA,6BAAA;EACA,0BAAA;AACF;;AACA;EACE,kBAAA;EACA,yDAAA;EACA,oBAAA;EACA,kDAAA;AAEF;;AAAA;EACE,gBAAA;EACA,mBAAA;EACA,oBAAA;AAGF\\",\\"sourcesContent\\":[\\".scss-global {\\\\n  --tw-bg-opacity: 1;\\\\n  background-color: rgba(96, 165, 250, var(--tw-bg-opacity));\\\\n  --tw-text-opacity: 1;\\\\n  color: rgba(255, 255, 255, var(--tw-text-opacity));\\\\n  padding: 1rem;\\\\n  width: 25%;\\\\n  -webkit-transition-property: background-color, border-color, color, fill, stroke, opacity, -webkit-box-shadow, -webkit-transform, filter, backdrop-filter;\\\\n  -o-transition-property: background-color, border-color, color, fill, stroke, opacity, box-shadow, transform, filter, backdrop-filter;\\\\n  transition-property: background-color, border-color, color, fill, stroke, opacity, box-shadow, -webkit-box-shadow, transform, -webkit-transform, filter, backdrop-filter;\\\\n  -webkit-transition-timing-function: cubic-bezier(0.4, 0, 0.2, 1);\\\\n  -o-transition-timing-function: cubic-bezier(0.4, 0, 0.2, 1);\\\\n  transition-timing-function: cubic-bezier(0.4, 0, 0.2, 1);\\\\n  -webkit-transition-duration: 150ms;\\\\n  -o-transition-duration: 150ms;\\\\n  transition-duration: 150ms;\\\\n}\\\\n.scss-global:hover {\\\\n  --tw-bg-opacity: 1;\\\\n  background-color: rgba(30, 58, 138, var(--tw-bg-opacity));\\\\n  --tw-text-opacity: 1;\\\\n  color: rgba(219, 234, 254, var(--tw-text-opacity));\\\\n}\\\\n.scss-global h2 {\\\\n  font-weight: 700;\\\\n  font-size: 0.875rem;\\\\n  line-height: 1.25rem;\\\\n}\\"],\\"sourceRoot\\":\\"\\"}]);
// Exports
export default ___CSS_LOADER_EXPORT___;
"
`;

exports[`Transform template test should render vue: vue template 1`] = `
"var render = function() {
  var _vm = this
  var _h = _vm.$createElement
  var _c = _vm._self._c || _h
  return _c(\\"div\\", { attrs: { id: \\"app\\" } }, [
    _c(\\"nav\\", [_vm._v(\\"\\\\n\\\\t\\\\t\\\\t\\\\tWindi test CSS\\\\n\\\\t\\\\t\\\\t\\")]),
    _vm._v(\\" \\"),
    _c(
      \\"div\\",
      {
        staticClass:
          \\"px-5 p-1 text-red hover:text-green-100 hover:rounded-full hover:bg-teal-900\\",
        class: { \\"bg-teal-100\\": true, \\"hover:w-1/3\\": true }
      },
      [_vm._v(\\"\\\\n\\\\t\\\\t\\\\t\\\\tHello World\\\\n\\\\t\\\\t\\\\t\\")]
    ),
    _vm._v(\\" \\"),
    _c(\\"h2\\", { staticClass: \\"btn\\" }, [_vm._v(\\"\\\\n\\\\t\\\\t\\\\t\\\\tButton\\\\n\\\\t\\\\t\\\\t\\")]),
    _vm._v(\\" \\"),
    _c(\\"div\\", { staticClass: \\"bar\\" }, [_vm._v(\\"\\\\n\\\\t\\\\t\\\\t\\\\tBar\\\\n\\\\t\\\\t\\\\t\\")]),
    _vm._v(\\" \\"),
    _c(\\"div\\", { staticClass: \\"bg-black bg-blue-200 bg-red-200\\" }, [
      _vm._v(\\"\\\\n\\\\t\\\\t\\\\t\\\\tWithout ! (red)\\\\n\\\\t\\\\t\\\\t\\")
    ]),
    _vm._v(\\" \\"),
    _c(\\"div\\", { staticClass: \\"bg-black !bg-blue-200 bg-red-200\\" }, [
      _vm._v(\\"\\\\n\\\\t\\\\t\\\\t\\\\tWith ! (blue)\\\\n\\\\t\\\\t\\\\t\\")
    ]),
    _vm._v(\\" \\"),
    _vm._m(0),
    _vm._v(\\" \\"),
    _vm._m(1),
    _vm._v(\\" \\"),
    _vm._m(2),
    _vm._v(\\" \\"),
    _vm._m(3),
    _vm._v(\\" \\"),
    _c(
      \\"button\\",
      {
        attrs: {
          bg: \\"blue-400 hover:blue-500 dark:blue-500 dark:hover:blue-600\\",
          text: \\"sm white\\",
          font: \\"mono light\\",
          p: \\"y-2 x-4\\",
          border: \\"2 rounded blue-200\\"
        }
      },
      [_vm._v(\\"\\\\n      Button\\\\n    \\")]
    )
  ])
}
var staticRenderFns = [
  function() {
    var _vm = this
    var _h = _vm.$createElement
    var _c = _vm._self._c || _h
    return _c(\\"div\\", { staticClass: \\"less-global\\" }, [
      _c(\\"h2\\", [_vm._v(\\"Less global\\")])
    ])
  },
  function() {
    var _vm = this
    var _h = _vm.$createElement
    var _c = _vm._self._c || _h
    return _c(\\"div\\", { staticClass: \\"scss-global\\" }, [
      _c(\\"h2\\", [_vm._v(\\"SCSS global\\")])
    ])
  },
  function() {
    var _vm = this
    var _h = _vm.$createElement
    var _c = _vm._self._c || _h
    return _c(\\"div\\", { staticClass: \\"sass-global\\" }, [
      _c(\\"h2\\", [_vm._v(\\"SASS global\\")])
    ])
  },
  function() {
    var _vm = this
    var _h = _vm.$createElement
    var _c = _vm._self._c || _h
    return _c(\\"div\\", { staticClass: \\"css-global\\" }, [
      _c(\\"h2\\", [_vm._v(\\"CSS global\\")])
    ])
  }
]
render._withStripped = true

export { render, staticRenderFns }"
`;

exports[`Transform template test should render vue: vue windi 1`] = `
"// Imports
import ___CSS_LOADER_API_SOURCEMAP_IMPORT___ from \\"../node_modules/css-loader/dist/runtime/cssWithMappingToString.js\\";
import ___CSS_LOADER_API_IMPORT___ from \\"../node_modules/css-loader/dist/runtime/api.js\\";
var ___CSS_LOADER_EXPORT___ = ___CSS_LOADER_API_IMPORT___(___CSS_LOADER_API_SOURCEMAP_IMPORT___);
// Module
___CSS_LOADER_EXPORT___.push([module.id, \\"/* windicss(boot) */\\\\n/* windicss layer base */\\\\n*, ::before, ::after {\\\\n  -webkit-box-sizing: border-box;\\\\n  box-sizing: border-box;\\\\n  border-width: 0;\\\\n  border-style: solid;\\\\n  border-color: #e5e7eb;\\\\n}\\\\n* {\\\\n  --tw-ring-inset: var(--tw-empty,/*!*/ /*!*/);\\\\n  --tw-ring-offset-width: 0px;\\\\n  --tw-ring-offset-color: #fff;\\\\n  --tw-ring-color: rgba(59, 130, 246, 0.5);\\\\n  --tw-ring-offset-shadow: 0 0 #0000;\\\\n  --tw-ring-shadow: 0 0 #0000;\\\\n  --tw-shadow: 0 0 #0000;\\\\n}\\\\n:root {\\\\n  -moz-tab-size: 4;\\\\n  -o-tab-size: 4;\\\\n  tab-size: 4;\\\\n}\\\\n:-moz-focusring {\\\\n  outline: 1px dotted ButtonText;\\\\n}\\\\n:-moz-ui-invalid {\\\\n  box-shadow: none;\\\\n}\\\\n::moz-focus-inner {\\\\n  border-style: none;\\\\n  padding: 0;\\\\n}\\\\n::-webkit-inner-spin-button, ::-webkit-outer-spin-button {\\\\n  height: auto;\\\\n}\\\\n::-webkit-search-decoration {\\\\n  -webkit-appearance: none;\\\\n}\\\\n::-webkit-file-upload-button {\\\\n  -webkit-appearance: button;\\\\n  font: inherit;\\\\n}\\\\n[type='search'] {\\\\n  -webkit-appearance: textfield;\\\\n  outline-offset: -2px;\\\\n}\\\\nabbr[title] {\\\\n  -webkit-text-decoration: underline dotted;\\\\n  text-decoration: underline dotted;\\\\n}\\\\nbody {\\\\n  margin: 0;\\\\n  font-family: inherit;\\\\n  line-height: inherit;\\\\n}\\\\nhtml {\\\\n  -webkit-text-size-adjust: 100%;\\\\n  font-family: ui-sans-serif,system-ui,-apple-system,BlinkMacSystemFont,\\\\\\"Segoe UI\\\\\\",Roboto,\\\\\\"Helvetica Neue\\\\\\",Arial,\\\\\\"Noto Sans\\\\\\",sans-serif,\\\\\\"Apple Color Emoji\\\\\\",\\\\\\"Segoe UI Emoji\\\\\\",\\\\\\"Segoe UI Symbol\\\\\\",\\\\\\"Noto Color Emoji\\\\\\";\\\\n  line-height: 1.5;\\\\n}\\\\nbutton {\\\\n  font-family: inherit;\\\\n  font-size: 100%;\\\\n  line-height: 1.15;\\\\n  margin: 0;\\\\n  text-transform: none;\\\\n  background-color: transparent;\\\\n  background-image: none;\\\\n  padding: 0;\\\\n  line-height: inherit;\\\\n  color: inherit;\\\\n}\\\\nbutton, [type='button'], [type='reset'], [type='submit'] {\\\\n  -webkit-appearance: button;\\\\n}\\\\nbutton:focus {\\\\n  outline: 1px dotted;\\\\n  outline: 5px auto -webkit-focus-ring-color;\\\\n}\\\\nbutton, [role=\\\\\\"button\\\\\\"] {\\\\n  cursor: pointer;\\\\n}\\\\nh2 {\\\\n  margin: 0;\\\\n  font-size: inherit;\\\\n  font-weight: inherit;\\\\n}\\\\n/* windicss layer components */\\\\n\\\\n/* windicss layer utilities */\\\\n.bg-teal-100 {\\\\n  --tw-bg-opacity: 1;\\\\n  background-color: rgba(204, 251, 241, var(--tw-bg-opacity));\\\\n}\\\\n.bg-black {\\\\n  --tw-bg-opacity: 1;\\\\n  background-color: rgba(0, 0, 0, var(--tw-bg-opacity));\\\\n}\\\\n.bg-blue-200 {\\\\n  --tw-bg-opacity: 1;\\\\n  background-color: rgba(191, 219, 254, var(--tw-bg-opacity));\\\\n}\\\\n.bg-red-200 {\\\\n  --tw-bg-opacity: 1;\\\\n  background-color: rgba(254, 202, 202, var(--tw-bg-opacity));\\\\n}\\\\n.\\\\\\\\!bg-blue-200 {\\\\n  --tw-bg-opacity: 1 !important;\\\\n  background-color: rgba(191, 219, 254, var(--tw-bg-opacity)) !important;\\\\n}\\\\n.bg-gray-100 {\\\\n  --tw-bg-opacity: 1;\\\\n  background-color: rgba(243, 244, 246, var(--tw-bg-opacity));\\\\n}\\\\n.hover\\\\\\\\:bg-teal-900:hover {\\\\n  --tw-bg-opacity: 1;\\\\n  background-color: rgba(19, 78, 74, var(--tw-bg-opacity));\\\\n}\\\\n.dark .dark\\\\\\\\:bg-gray-900 {\\\\n  --tw-bg-opacity: 1;\\\\n  background-color: rgba(17, 24, 39, var(--tw-bg-opacity));\\\\n}\\\\n.hover\\\\\\\\:bg-blue-500:hover {\\\\n  --tw-bg-opacity: 1;\\\\n  background-color: rgba(59, 130, 246, var(--tw-bg-opacity));\\\\n}\\\\n.rounded {\\\\n  border-radius: 0.25rem;\\\\n}\\\\n.hover\\\\\\\\:rounded-full:hover {\\\\n  border-radius: 9999px;\\\\n}\\\\n.h-100vh {\\\\n  height: 100vh;\\\\n}\\\\n.m-0 {\\\\n  margin: 0px;\\\\n}\\\\n.overflow-hidden {\\\\n  overflow: hidden;\\\\n}\\\\n.p-1 {\\\\n  padding: 0.25rem;\\\\n}\\\\n.p-0 {\\\\n  padding: 0px;\\\\n}\\\\n.px-5 {\\\\n  padding-left: 1.25rem;\\\\n  padding-right: 1.25rem;\\\\n}\\\\n.text-gray-900 {\\\\n  --tw-text-opacity: 1;\\\\n  color: rgba(17, 24, 39, var(--tw-text-opacity));\\\\n}\\\\n.hover\\\\\\\\:text-green-100:hover {\\\\n  --tw-text-opacity: 1;\\\\n  color: rgba(209, 250, 229, var(--tw-text-opacity));\\\\n}\\\\n.dark .dark\\\\\\\\:text-gray-100 {\\\\n  --tw-text-opacity: 1;\\\\n  color: rgba(243, 244, 246, var(--tw-text-opacity));\\\\n}\\\\n.hover\\\\\\\\:w-1\\\\\\\\/3:hover {\\\\n  width: 33.333333%;\\\\n}\\\\n.w-100vw {\\\\n  width: 100vw;\\\\n}\\", \\"\\",{\\"version\\":3,\\"sources\\":[\\"virtual:windi.css\\"],\\"names\\":[],\\"mappings\\":\\"AAAA,mBAAmB;AACnB,wBAAwB;AACxB;EACE,8BAA8B;EAC9B,sBAAsB;EACtB,eAAe;EACf,mBAAmB;EACnB,qBAAqB;AACvB;AACA;EACE,4CAA4C;EAC5C,2BAA2B;EAC3B,4BAA4B;EAC5B,wCAAwC;EACxC,kCAAkC;EAClC,2BAA2B;EAC3B,sBAAsB;AACxB;AACA;EACE,gBAAgB;EAChB,cAAc;EACd,WAAW;AACb;AACA;EACE,8BAA8B;AAChC;AACA;EACE,gBAAgB;AAClB;AACA;EACE,kBAAkB;EAClB,UAAU;AACZ;AACA;EACE,YAAY;AACd;AACA;EACE,wBAAwB;AAC1B;AACA;EACE,0BAA0B;EAC1B,aAAa;AACf;AACA;EACE,6BAA6B;EAC7B,oBAAoB;AACtB;AACA;EACE,yCAAyC;EACzC,iCAAiC;AACnC;AACA;EACE,SAAS;EACT,oBAAoB;EACpB,oBAAoB;AACtB;AACA;EACE,8BAA8B;EAC9B,+MAA+M;EAC/M,gBAAgB;AAClB;AACA;EACE,oBAAoB;EACpB,eAAe;EACf,iBAAiB;EACjB,SAAS;EACT,oBAAoB;EACpB,6BAA6B;EAC7B,sBAAsB;EACtB,UAAU;EACV,oBAAoB;EACpB,cAAc;AAChB;AACA;EACE,0BAA0B;AAC5B;AACA;EACE,mBAAmB;EACnB,0CAA0C;AAC5C;AACA;EACE,eAAe;AACjB;AACA;EACE,SAAS;EACT,kBAAkB;EAClB,oBAAoB;AACtB;AACA,8BAA8B;;AAE9B,6BAA6B;AAC7B;EACE,kBAAkB;EAClB,2DAA2D;AAC7D;AACA;EACE,kBAAkB;EAClB,qDAAqD;AACvD;AACA;EACE,kBAAkB;EAClB,2DAA2D;AAC7D;AACA;EACE,kBAAkB;EAClB,2DAA2D;AAC7D;AACA;EACE,6BAA6B;EAC7B,sEAAsE;AACxE;AACA;EACE,kBAAkB;EAClB,2DAA2D;AAC7D;AACA;EACE,kBAAkB;EAClB,wDAAwD;AAC1D;AACA;EACE,kBAAkB;EAClB,wDAAwD;AAC1D;AACA;EACE,kBAAkB;EAClB,0DAA0D;AAC5D;AACA;EACE,sBAAsB;AACxB;AACA;EACE,qBAAqB;AACvB;AACA;EACE,aAAa;AACf;AACA;EACE,WAAW;AACb;AACA;EACE,gBAAgB;AAClB;AACA;EACE,gBAAgB;AAClB;AACA;EACE,YAAY;AACd;AACA;EACE,qBAAqB;EACrB,sBAAsB;AACxB;AACA;EACE,oBAAoB;EACpB,+CAA+C;AACjD;AACA;EACE,oBAAoB;EACpB,kDAAkD;AACpD;AACA;EACE,oBAAoB;EACpB,kDAAkD;AACpD;AACA;EACE,iBAAiB;AACnB;AACA;EACE,YAAY;AACd\\",\\"sourcesContent\\":[\\"/* windicss(boot) */\\\\n/* windicss layer base */\\\\n*, ::before, ::after {\\\\n  -webkit-box-sizing: border-box;\\\\n  box-sizing: border-box;\\\\n  border-width: 0;\\\\n  border-style: solid;\\\\n  border-color: #e5e7eb;\\\\n}\\\\n* {\\\\n  --tw-ring-inset: var(--tw-empty,/*!*/ /*!*/);\\\\n  --tw-ring-offset-width: 0px;\\\\n  --tw-ring-offset-color: #fff;\\\\n  --tw-ring-color: rgba(59, 130, 246, 0.5);\\\\n  --tw-ring-offset-shadow: 0 0 #0000;\\\\n  --tw-ring-shadow: 0 0 #0000;\\\\n  --tw-shadow: 0 0 #0000;\\\\n}\\\\n:root {\\\\n  -moz-tab-size: 4;\\\\n  -o-tab-size: 4;\\\\n  tab-size: 4;\\\\n}\\\\n:-moz-focusring {\\\\n  outline: 1px dotted ButtonText;\\\\n}\\\\n:-moz-ui-invalid {\\\\n  box-shadow: none;\\\\n}\\\\n::moz-focus-inner {\\\\n  border-style: none;\\\\n  padding: 0;\\\\n}\\\\n::-webkit-inner-spin-button, ::-webkit-outer-spin-button {\\\\n  height: auto;\\\\n}\\\\n::-webkit-search-decoration {\\\\n  -webkit-appearance: none;\\\\n}\\\\n::-webkit-file-upload-button {\\\\n  -webkit-appearance: button;\\\\n  font: inherit;\\\\n}\\\\n[type='search'] {\\\\n  -webkit-appearance: textfield;\\\\n  outline-offset: -2px;\\\\n}\\\\nabbr[title] {\\\\n  -webkit-text-decoration: underline dotted;\\\\n  text-decoration: underline dotted;\\\\n}\\\\nbody {\\\\n  margin: 0;\\\\n  font-family: inherit;\\\\n  line-height: inherit;\\\\n}\\\\nhtml {\\\\n  -webkit-text-size-adjust: 100%;\\\\n  font-family: ui-sans-serif,system-ui,-apple-system,BlinkMacSystemFont,\\\\\\"Segoe UI\\\\\\",Roboto,\\\\\\"Helvetica Neue\\\\\\",Arial,\\\\\\"Noto Sans\\\\\\",sans-serif,\\\\\\"Apple Color Emoji\\\\\\",\\\\\\"Segoe UI Emoji\\\\\\",\\\\\\"Segoe UI Symbol\\\\\\",\\\\\\"Noto Color Emoji\\\\\\";\\\\n  line-height: 1.5;\\\\n}\\\\nbutton {\\\\n  font-family: inherit;\\\\n  font-size: 100%;\\\\n  line-height: 1.15;\\\\n  margin: 0;\\\\n  text-transform: none;\\\\n  background-color: transparent;\\\\n  background-image: none;\\\\n  padding: 0;\\\\n  line-height: inherit;\\\\n  color: inherit;\\\\n}\\\\nbutton, [type='button'], [type='reset'], [type='submit'] {\\\\n  -webkit-appearance: button;\\\\n}\\\\nbutton:focus {\\\\n  outline: 1px dotted;\\\\n  outline: 5px auto -webkit-focus-ring-color;\\\\n}\\\\nbutton, [role=\\\\\\"button\\\\\\"] {\\\\n  cursor: pointer;\\\\n}\\\\nh2 {\\\\n  margin: 0;\\\\n  font-size: inherit;\\\\n  font-weight: inherit;\\\\n}\\\\n/* windicss layer components */\\\\n\\\\n/* windicss layer utilities */\\\\n.bg-teal-100 {\\\\n  --tw-bg-opacity: 1;\\\\n  background-color: rgba(204, 251, 241, var(--tw-bg-opacity));\\\\n}\\\\n.bg-black {\\\\n  --tw-bg-opacity: 1;\\\\n  background-color: rgba(0, 0, 0, var(--tw-bg-opacity));\\\\n}\\\\n.bg-blue-200 {\\\\n  --tw-bg-opacity: 1;\\\\n  background-color: rgba(191, 219, 254, var(--tw-bg-opacity));\\\\n}\\\\n.bg-red-200 {\\\\n  --tw-bg-opacity: 1;\\\\n  background-color: rgba(254, 202, 202, var(--tw-bg-opacity));\\\\n}\\\\n.\\\\\\\\!bg-blue-200 {\\\\n  --tw-bg-opacity: 1 !important;\\\\n  background-color: rgba(191, 219, 254, var(--tw-bg-opacity)) !important;\\\\n}\\\\n.bg-gray-100 {\\\\n  --tw-bg-opacity: 1;\\\\n  background-color: rgba(243, 244, 246, var(--tw-bg-opacity));\\\\n}\\\\n.hover\\\\\\\\:bg-teal-900:hover {\\\\n  --tw-bg-opacity: 1;\\\\n  background-color: rgba(19, 78, 74, var(--tw-bg-opacity));\\\\n}\\\\n.dark .dark\\\\\\\\:bg-gray-900 {\\\\n  --tw-bg-opacity: 1;\\\\n  background-color: rgba(17, 24, 39, var(--tw-bg-opacity));\\\\n}\\\\n.hover\\\\\\\\:bg-blue-500:hover {\\\\n  --tw-bg-opacity: 1;\\\\n  background-color: rgba(59, 130, 246, var(--tw-bg-opacity));\\\\n}\\\\n.rounded {\\\\n  border-radius: 0.25rem;\\\\n}\\\\n.hover\\\\\\\\:rounded-full:hover {\\\\n  border-radius: 9999px;\\\\n}\\\\n.h-100vh {\\\\n  height: 100vh;\\\\n}\\\\n.m-0 {\\\\n  margin: 0px;\\\\n}\\\\n.overflow-hidden {\\\\n  overflow: hidden;\\\\n}\\\\n.p-1 {\\\\n  padding: 0.25rem;\\\\n}\\\\n.p-0 {\\\\n  padding: 0px;\\\\n}\\\\n.px-5 {\\\\n  padding-left: 1.25rem;\\\\n  padding-right: 1.25rem;\\\\n}\\\\n.text-gray-900 {\\\\n  --tw-text-opacity: 1;\\\\n  color: rgba(17, 24, 39, var(--tw-text-opacity));\\\\n}\\\\n.hover\\\\\\\\:text-green-100:hover {\\\\n  --tw-text-opacity: 1;\\\\n  color: rgba(209, 250, 229, var(--tw-text-opacity));\\\\n}\\\\n.dark .dark\\\\\\\\:text-gray-100 {\\\\n  --tw-text-opacity: 1;\\\\n  color: rgba(243, 244, 246, var(--tw-text-opacity));\\\\n}\\\\n.hover\\\\\\\\:w-1\\\\\\\\/3:hover {\\\\n  width: 33.333333%;\\\\n}\\\\n.w-100vw {\\\\n  width: 100vw;\\\\n}\\"],\\"sourceRoot\\":\\"\\"}]);
// Exports
export default ___CSS_LOADER_EXPORT___;
"
`;
